
> temp-app@0.1.0 build
> next build

  ▲ Next.js 14.2.35
  - Environments: .env.local

   Creating an optimized production build ...
 ✓ Compiled successfully
   Linting and checking validity of types ...

Failed to compile.

./src/app/admin/dashboard/page.tsx
50:22  Error: Unexpected any. Specify a different type.  @typescript-eslint/no-explicit-any
112:39  Error: Unexpected any. Specify a different type.  @typescript-eslint/no-explicit-any

./src/app/admin/users/page.tsx
76:9  Error: 'roleBadge' is assigned a value but never used.  @typescript-eslint/no-unused-vars

./src/app/api/ai/chat/route.ts
98:17  Error: Unexpected any. Specify a different type.  @typescript-eslint/no-explicit-any

./src/app/api/ai/claude/route.ts
77:17  Error: Unexpected any. Specify a different type.  @typescript-eslint/no-explicit-any

./src/app/api/ai/curriculum/route.ts
88:17  Error: Unexpected any. Specify a different type.  @typescript-eslint/no-explicit-any

./src/app/api/ai/feedback/route.ts
88:17  Error: Unexpected any. Specify a different type.  @typescript-eslint/no-explicit-any

./src/app/api/cron/reminders/route.ts
8:9  Error: 'secret' is assigned a value but never used.  @typescript-eslint/no-unused-vars
52:64  Error: Unexpected any. Specify a different type.  @typescript-eslint/no-explicit-any
77:19  Error: Unexpected any. Specify a different type.  @typescript-eslint/no-explicit-any

./src/app/api/stripe/checkout/route.ts
71:17  Error: Unexpected any. Specify a different type.  @typescript-eslint/no-explicit-any

./src/app/api/stripe/webhook/route.ts
20:14  Error: Unexpected any. Specify a different type.  @typescript-eslint/no-explicit-any
23:17  Error: Unexpected any. Specify a different type.  @typescript-eslint/no-explicit-any

./src/app/api/teacher/grade/route.ts
72:17  Error: Unexpected any. Specify a different type.  @typescript-eslint/no-explicit-any

./src/app/student/courses/page.tsx
17:42  Error: Unexpected any. Specify a different type.  @typescript-eslint/no-explicit-any
45:57  Error: Unexpected any. Specify a different type.  @typescript-eslint/no-explicit-any

./src/app/student/courses/[courseId]/lessons/[lessonId]/page.tsx
41:40  Error: Unexpected any. Specify a different type.  @typescript-eslint/no-explicit-any
42:44  Error: Unexpected any. Specify a different type.  @typescript-eslint/no-explicit-any
43:52  Error: Unexpected any. Specify a different type.  @typescript-eslint/no-explicit-any
43:63  Error: Unexpected any. Specify a different type.  @typescript-eslint/no-explicit-any
44:44  Error: Unexpected any. Specify a different type.  @typescript-eslint/no-explicit-any
45:50  Error: Unexpected any. Specify a different type.  @typescript-eslint/no-explicit-any
46:65  Error: Unexpected any. Specify a different type.  @typescript-eslint/no-explicit-any
101:57  Error: Unexpected any. Specify a different type.  @typescript-eslint/no-explicit-any
124:54  Error: Unexpected any. Specify a different type.  @typescript-eslint/no-explicit-any
132:40  Error: Unexpected any. Specify a different type.  @typescript-eslint/no-explicit-any
133:31  Error: Unexpected any. Specify a different type.  @typescript-eslint/no-explicit-any
153:25  Error: Unexpected any. Specify a different type.  @typescript-eslint/no-explicit-any
389:54  Error: Unexpected any. Specify a different type.  @typescript-eslint/no-explicit-any

./src/app/student/courses/[courseId]/page.tsx
28:40  Error: Unexpected any. Specify a different type.  @typescript-eslint/no-explicit-any
29:42  Error: Unexpected any. Specify a different type.  @typescript-eslint/no-explicit-any
76:52  Error: Unexpected any. Specify a different type.  @typescript-eslint/no-explicit-any

./src/app/student/dashboard/page.tsx
83:42  Error: Unexpected any. Specify a different type.  @typescript-eslint/no-explicit-any
84:7  Error: 'courseProgressMap' is never reassigned. Use 'const' instead.  prefer-const
85:27  Error: Unexpected any. Specify a different type.  @typescript-eslint/no-explicit-any
99:56  Error: Unexpected any. Specify a different type.  @typescript-eslint/no-explicit-any
101:34  Error: Unexpected any. Specify a different type.  @typescript-eslint/no-explicit-any
110:44  Error: Unexpected any. Specify a different type.  @typescript-eslint/no-explicit-any
122:55  Error: Unexpected any. Specify a different type.  @typescript-eslint/no-explicit-any
124:57  Error: Unexpected any. Specify a different type.  @typescript-eslint/no-explicit-any
125:56  Error: Unexpected any. Specify a different type.  @typescript-eslint/no-explicit-any
195:50  Error: Unexpected any. Specify a different type.  @typescript-eslint/no-explicit-any
240:56  Error: Unexpected any. Specify a different type.  @typescript-eslint/no-explicit-any
270:56  Error: Unexpected any. Specify a different type.  @typescript-eslint/no-explicit-any

./src/app/teacher/courses/new/page.tsx
98:19  Error: Unexpected any. Specify a different type.  @typescript-eslint/no-explicit-any

./src/app/teacher/courses/page.tsx
14:42  Error: Unexpected any. Specify a different type.  @typescript-eslint/no-explicit-any
20:6  Warning: React Hook useEffect has a missing dependency: 'fetchCourses'. Either include it or remove the dependency array.  react-hooks/exhaustive-deps
86:55  Error: `'` can be escaped with `&apos;`, `&lsquo;`, `&#39;`, `&rsquo;`.  react/no-unescaped-entities

./src/app/teacher/courses/[courseId]/assignments/new/page.tsx
19:42  Error: Unexpected any. Specify a different type.  @typescript-eslint/no-explicit-any
31:6  Warning: React Hook useEffect has a missing dependency: 'fetchLessons'. Either include it or remove the dependency array.  react-hooks/exhaustive-deps
58:22  Error: Unexpected any. Specify a different type.  @typescript-eslint/no-explicit-any
74:19  Error: Unexpected any. Specify a different type.  @typescript-eslint/no-explicit-any

./src/app/teacher/courses/[courseId]/lessons/new/page.tsx
90:22  Error: Unexpected any. Specify a different type.  @typescript-eslint/no-explicit-any
107:19  Error: Unexpected any. Specify a different type.  @typescript-eslint/no-explicit-any

./src/app/teacher/courses/[courseId]/page.tsx
16:40  Error: Unexpected any. Specify a different type.  @typescript-eslint/no-explicit-any
17:42  Error: Unexpected any. Specify a different type.  @typescript-eslint/no-explicit-any
18:50  Error: Unexpected any. Specify a different type.  @typescript-eslint/no-explicit-any
23:6  Warning: React Hook useEffect has a missing dependency: 'fetchCourseData'. Either include it or remove the dependency array.  react-hooks/exhaustive-deps

./src/app/teacher/dashboard/page.tsx
76:45  Error: Unexpected any. Specify a different type.  @typescript-eslint/no-explicit-any
82:26  Error: Unexpected any. Specify a different type.  @typescript-eslint/no-explicit-any
95:40  Error: Unexpected any. Specify a different type.  @typescript-eslint/no-explicit-any
102:50  Error: Unexpected any. Specify a different type.  @typescript-eslint/no-explicit-any
119:54  Error: Unexpected any. Specify a different type.  @typescript-eslint/no-explicit-any
140:26  Error: Unexpected any. Specify a different type.  @typescript-eslint/no-explicit-any
212:56  Error: Unexpected any. Specify a different type.  @typescript-eslint/no-explicit-any
288:45  Error: Unexpected any. Specify a different type.  @typescript-eslint/no-explicit-any
295:42  Error: Unexpected any. Specify a different type.  @typescript-eslint/no-explicit-any
298:45  Error: Unexpected any. Specify a different type.  @typescript-eslint/no-explicit-any

./src/app/teacher/layout.tsx
47:35  Error: Unexpected any. Specify a different type.  @typescript-eslint/no-explicit-any
49:29  Error: Unexpected any. Specify a different type.  @typescript-eslint/no-explicit-any
51:23  Error: Unexpected any. Specify a different type.  @typescript-eslint/no-explicit-any

./src/app/teacher/students/page.tsx
18:14  Error: Unexpected any. Specify a different type.  @typescript-eslint/no-explicit-any
23:42  Error: Unexpected any. Specify a different type.  @typescript-eslint/no-explicit-any
42:6  Warning: React Hook useEffect has a missing dependency: 'supabase'. Either include it or remove the dependency array.  react-hooks/exhaustive-deps
46:6  Warning: React Hook useEffect has a missing dependency: 'fetchStudents'. Either include it or remove the dependency array.  react-hooks/exhaustive-deps
65:40  Error: Unexpected any. Specify a different type.  @typescript-eslint/no-explicit-any
71:40  Error: Unexpected any. Specify a different type.  @typescript-eslint/no-explicit-any
76:38  Error: Unexpected any. Specify a different type.  @typescript-eslint/no-explicit-any
103:41  Error: Unexpected any. Specify a different type.  @typescript-eslint/no-explicit-any
105:62  Error: Unexpected any. Specify a different type.  @typescript-eslint/no-explicit-any

./src/components/admin/Analytics.tsx
11:48  Error: Unexpected any. Specify a different type.  @typescript-eslint/no-explicit-any
12:48  Error: Unexpected any. Specify a different type.  @typescript-eslint/no-explicit-any
13:52  Error: Unexpected any. Specify a different type.  @typescript-eslint/no-explicit-any
17:6  Warning: React Hook useEffect has a missing dependency: 'fetchData'. Either include it or remove the dependency array.  react-hooks/exhaustive-deps
36:30  Error: Unexpected any. Specify a different type.  @typescript-eslint/no-explicit-any
48:30  Error: Unexpected any. Specify a different type.  @typescript-eslint/no-explicit-any
58:29  Error: Unexpected any. Specify a different type.  @typescript-eslint/no-explicit-any
116:35  Error: Unexpected any. Specify a different type.  @typescript-eslint/no-explicit-any

./src/components/admin/UserTable.tsx
13:9  Error: 'supabase' is assigned a value but never used.  @typescript-eslint/no-unused-vars
14:38  Error: Unexpected any. Specify a different type.  @typescript-eslint/no-explicit-any
106:30  Error: Unexpected any. Specify a different type.  @typescript-eslint/no-explicit-any

./src/components/layout/Navbar.tsx
23:54  Error: Unexpected any. Specify a different type.  @typescript-eslint/no-explicit-any
39:10  Error: 'payload' is defined but never used.  @typescript-eslint/no-unused-vars
39:19  Error: Unexpected any. Specify a different type.  @typescript-eslint/no-explicit-any
48:6  Warning: React Hook useEffect has missing dependencies: 'fetchNotifications' and 'supabase'. Either include them or remove the dependency array.  react-hooks/exhaustive-deps
60:38  Error: Unexpected any. Specify a different type.  @typescript-eslint/no-explicit-any
64:49  Error: Unexpected any. Specify a different type.  @typescript-eslint/no-explicit-any

./src/components/layout/Sidebar.tsx
74:41  Error: Unexpected any. Specify a different type.  @typescript-eslint/no-explicit-any
78:41  Error: Unexpected any. Specify a different type.  @typescript-eslint/no-explicit-any
82:49  Error: Unexpected any. Specify a different type.  @typescript-eslint/no-explicit-any
106:6  Warning: React Hook useEffect has a missing dependency: 'supabase'. Either include it or remove the dependency array.  react-hooks/exhaustive-deps
136:42  Error: Unexpected any. Specify a different type.  @typescript-eslint/no-explicit-any

./src/components/student/CourseCard.tsx
3:29  Error: 'CardDescription' is defined but never used.  @typescript-eslint/no-unused-vars

./src/components/student/LessonPlayer.tsx
3:28  Error: 'useEffect' is defined but never used.  @typescript-eslint/no-unused-vars

./src/components/student/SubmissionForm.tsx
80:21  Error: 'uploadData' is assigned a value but never used.  @typescript-eslint/no-unused-vars
110:22  Error: Unexpected any. Specify a different type.  @typescript-eslint/no-explicit-any
123:19  Error: Unexpected any. Specify a different type.  @typescript-eslint/no-explicit-any

./src/components/teacher/GradingPanel.tsx
19:50  Error: Unexpected any. Specify a different type.  @typescript-eslint/no-explicit-any
21:50  Error: Unexpected any. Specify a different type.  @typescript-eslint/no-explicit-any
30:6  Warning: React Hook useEffect has a missing dependency: 'fetchUngraded'. Either include it or remove the dependency array.  react-hooks/exhaustive-deps
42:39  Error: Unexpected any. Specify a different type.  @typescript-eslint/no-explicit-any
52:39  Error: Unexpected any. Specify a different type.  @typescript-eslint/no-explicit-any
62:47  Error: Unexpected any. Specify a different type.  @typescript-eslint/no-explicit-any
73:41  Error: Unexpected any. Specify a different type.  @typescript-eslint/no-explicit-any
74:29  Error: Unexpected any. Specify a different type.  @typescript-eslint/no-explicit-any
76:43  Error: Unexpected any. Specify a different type.  @typescript-eslint/no-explicit-any
85:28  Error: Unexpected any. Specify a different type.  @typescript-eslint/no-explicit-any

info  - Need to disable some ESLint rules? Learn more here: https://nextjs.org/docs/basic-features/eslint#disabling-rules
